MinionMath-BoldCapt-MC--base MinionMath-BoldCapt "MinionMath-MCEncoding ReEncodeFont" <[minionmath-mc.enc <<MinionMath-BoldCapt.otf
MinionMath-BoldDisp-MC--base MinionMath-BoldDisp "MinionMath-MCEncoding ReEncodeFont" <[minionmath-mc.enc <<MinionMath-BoldDisp.otf
MinionMath-Bold-MC--base MinionMath-Bold "MinionMath-MCEncoding ReEncodeFont" <[minionmath-mc.enc <<MinionMath-Bold.otf
MinionMath-BoldSubh-MC--base MinionMath-BoldSubh "MinionMath-MCEncoding ReEncodeFont" <[minionmath-mc.enc <<MinionMath-BoldSubh.otf
MinionMath-BoldTiny-MC--base MinionMath-BoldTiny "MinionMath-MCEncoding ReEncodeFont" <[minionmath-mc.enc <<MinionMath-BoldTiny.otf
MinionMath-Capt-MC--base MinionMath-Capt "MinionMath-MCEncoding ReEncodeFont" <[minionmath-mc.enc <<MinionMath-Capt.otf
MinionMath-Disp-MC--base MinionMath-Disp "MinionMath-MCEncoding ReEncodeFont" <[minionmath-mc.enc <<MinionMath-Disp.otf
MinionMath-MediumCapt-MC--base MinionMath-MediumCapt "MinionMath-MCEncoding ReEncodeFont" <[minionmath-mc.enc <<MinionMath-MediumCapt.otf
MinionMath-MediumDisp-MC--base MinionMath-MediumDisp "MinionMath-MCEncoding ReEncodeFont" <[minionmath-mc.enc <<MinionMath-MediumDisp.otf
MinionMath-Medium-MC--base MinionMath-Medium "MinionMath-MCEncoding ReEncodeFont" <[minionmath-mc.enc <<MinionMath-Medium.otf
MinionMath-MediumSubh-MC--base MinionMath-MediumSubh "MinionMath-MCEncoding ReEncodeFont" <[minionmath-mc.enc <<MinionMath-MediumSubh.otf
MinionMath-MediumTiny-MC--base MinionMath-MediumTiny "MinionMath-MCEncoding ReEncodeFont" <[minionmath-mc.enc <<MinionMath-MediumTiny.otf
MinionMath-Regular-MC--base MinionMath-Regular "MinionMath-MCEncoding ReEncodeFont" <[minionmath-mc.enc <<MinionMath-Regular.otf
MinionMath-SemiboldCapt-MC--base MinionMath-SemiboldCapt "MinionMath-MCEncoding ReEncodeFont" <[minionmath-mc.enc <<MinionMath-SemiboldCapt.otf
MinionMath-SemiboldDisp-MC--base MinionMath-SemiboldDisp "MinionMath-MCEncoding ReEncodeFont" <[minionmath-mc.enc <<MinionMath-SemiboldDisp.otf
MinionMath-Semibold-MC--base MinionMath-Semibold "MinionMath-MCEncoding ReEncodeFont" <[minionmath-mc.enc <<MinionMath-Semibold.otf
MinionMath-SemiboldSubh-MC--base MinionMath-SemiboldSubh "MinionMath-MCEncoding ReEncodeFont" <[minionmath-mc.enc <<MinionMath-SemiboldSubh.otf
MinionMath-SemiboldTiny-MC--base MinionMath-SemiboldTiny "MinionMath-MCEncoding ReEncodeFont" <[minionmath-mc.enc <<MinionMath-SemiboldTiny.otf
MinionMath-Subh-MC--base MinionMath-Subh "MinionMath-MCEncoding ReEncodeFont" <[minionmath-mc.enc <<MinionMath-Subh.otf
MinionMath-Tiny-MC--base MinionMath-Tiny "MinionMath-MCEncoding ReEncodeFont" <[minionmath-mc.enc <<MinionMath-Tiny.otf
MinionMath-BoldCapt-MSP--base MinionMath-BoldCapt "MinionMath-MSPEncoding ReEncodeFont" <[minionmath-msp.enc <<MinionMath-BoldCapt.otf
MinionMath-BoldDisp-MSP--base MinionMath-BoldDisp "MinionMath-MSPEncoding ReEncodeFont" <[minionmath-msp.enc <<MinionMath-BoldDisp.otf
MinionMath-Bold-MSP--base MinionMath-Bold "MinionMath-MSPEncoding ReEncodeFont" <[minionmath-msp.enc <<MinionMath-Bold.otf
MinionMath-BoldSubh-MSP--base MinionMath-BoldSubh "MinionMath-MSPEncoding ReEncodeFont" <[minionmath-msp.enc <<MinionMath-BoldSubh.otf
MinionMath-BoldTiny-MSP--base MinionMath-BoldTiny "MinionMath-MSPEncoding ReEncodeFont" <[minionmath-msp.enc <<MinionMath-BoldTiny.otf
MinionMath-Capt-MSP--base MinionMath-Capt "MinionMath-MSPEncoding ReEncodeFont" <[minionmath-msp.enc <<MinionMath-Capt.otf
MinionMath-Disp-MSP--base MinionMath-Disp "MinionMath-MSPEncoding ReEncodeFont" <[minionmath-msp.enc <<MinionMath-Disp.otf
MinionMath-MediumCapt-MSP--base MinionMath-MediumCapt "MinionMath-MSPEncoding ReEncodeFont" <[minionmath-msp.enc <<MinionMath-MediumCapt.otf
MinionMath-MediumDisp-MSP--base MinionMath-MediumDisp "MinionMath-MSPEncoding ReEncodeFont" <[minionmath-msp.enc <<MinionMath-MediumDisp.otf
MinionMath-Medium-MSP--base MinionMath-Medium "MinionMath-MSPEncoding ReEncodeFont" <[minionmath-msp.enc <<MinionMath-Medium.otf
MinionMath-MediumSubh-MSP--base MinionMath-MediumSubh "MinionMath-MSPEncoding ReEncodeFont" <[minionmath-msp.enc <<MinionMath-MediumSubh.otf
MinionMath-MediumTiny-MSP--base MinionMath-MediumTiny "MinionMath-MSPEncoding ReEncodeFont" <[minionmath-msp.enc <<MinionMath-MediumTiny.otf
MinionMath-Regular-MSP--base MinionMath-Regular "MinionMath-MSPEncoding ReEncodeFont" <[minionmath-msp.enc <<MinionMath-Regular.otf
MinionMath-SemiboldCapt-MSP--base MinionMath-SemiboldCapt "MinionMath-MSPEncoding ReEncodeFont" <[minionmath-msp.enc <<MinionMath-SemiboldCapt.otf
MinionMath-SemiboldDisp-MSP--base MinionMath-SemiboldDisp "MinionMath-MSPEncoding ReEncodeFont" <[minionmath-msp.enc <<MinionMath-SemiboldDisp.otf
MinionMath-Semibold-MSP--base MinionMath-Semibold "MinionMath-MSPEncoding ReEncodeFont" <[minionmath-msp.enc <<MinionMath-Semibold.otf
MinionMath-SemiboldSubh-MSP--base MinionMath-SemiboldSubh "MinionMath-MSPEncoding ReEncodeFont" <[minionmath-msp.enc <<MinionMath-SemiboldSubh.otf
MinionMath-SemiboldTiny-MSP--base MinionMath-SemiboldTiny "MinionMath-MSPEncoding ReEncodeFont" <[minionmath-msp.enc <<MinionMath-SemiboldTiny.otf
MinionMath-Subh-MSP--base MinionMath-Subh "MinionMath-MSPEncoding ReEncodeFont" <[minionmath-msp.enc <<MinionMath-Subh.otf
MinionMath-Tiny-MSP--base MinionMath-Tiny "MinionMath-MSPEncoding ReEncodeFont" <[minionmath-msp.enc <<MinionMath-Tiny.otf
MinionMath-Tiny-MSA--base MinionMath-Tiny "MinionMath-MSAEncoding ReEncodeFont" <[minionmath-msa.enc <<MinionMath-Tiny.otf
MinionMath-Capt-MSA--base MinionMath-Capt "MinionMath-MSAEncoding ReEncodeFont" <[minionmath-msa.enc <<MinionMath-Capt.otf
MinionMath-Regular-MSA--base MinionMath-Regular "MinionMath-MSAEncoding ReEncodeFont" <[minionmath-msa.enc <<MinionMath-Regular.otf
MinionMath-Subh-MSA--base MinionMath-Subh "MinionMath-MSAEncoding ReEncodeFont" <[minionmath-msa.enc <<MinionMath-Subh.otf
MinionMath-Disp-MSA--base MinionMath-Disp "MinionMath-MSAEncoding ReEncodeFont" <[minionmath-msa.enc <<MinionMath-Disp.otf
MinionMath-MediumTiny-MSA--base MinionMath-MediumTiny "MinionMath-MSAEncoding ReEncodeFont" <[minionmath-msa.enc <<MinionMath-MediumTiny.otf
MinionMath-MediumCapt-MSA--base MinionMath-MediumCapt "MinionMath-MSAEncoding ReEncodeFont" <[minionmath-msa.enc <<MinionMath-MediumCapt.otf
MinionMath-Medium-MSA--base MinionMath-Medium "MinionMath-MSAEncoding ReEncodeFont" <[minionmath-msa.enc <<MinionMath-Medium.otf
MinionMath-MediumSubh-MSA--base MinionMath-MediumSubh "MinionMath-MSAEncoding ReEncodeFont" <[minionmath-msa.enc <<MinionMath-MediumSubh.otf
MinionMath-MediumDisp-MSA--base MinionMath-MediumDisp "MinionMath-MSAEncoding ReEncodeFont" <[minionmath-msa.enc <<MinionMath-MediumDisp.otf
MinionMath-SemiboldTiny-MSA--base MinionMath-SemiboldTiny "MinionMath-MSAEncoding ReEncodeFont" <[minionmath-msa.enc <<MinionMath-SemiboldTiny.otf
MinionMath-SemiboldCapt-MSA--base MinionMath-SemiboldCapt "MinionMath-MSAEncoding ReEncodeFont" <[minionmath-msa.enc <<MinionMath-SemiboldCapt.otf
MinionMath-Semibold-MSA--base MinionMath-Semibold "MinionMath-MSAEncoding ReEncodeFont" <[minionmath-msa.enc <<MinionMath-Semibold.otf
MinionMath-SemiboldSubh-MSA--base MinionMath-SemiboldSubh "MinionMath-MSAEncoding ReEncodeFont" <[minionmath-msa.enc <<MinionMath-SemiboldSubh.otf
MinionMath-SemiboldDisp-MSA--base MinionMath-SemiboldDisp "MinionMath-MSAEncoding ReEncodeFont" <[minionmath-msa.enc <<MinionMath-SemiboldDisp.otf
MinionMath-BoldTiny-MSA--base MinionMath-BoldTiny "MinionMath-MSAEncoding ReEncodeFont" <[minionmath-msa.enc <<MinionMath-BoldTiny.otf
MinionMath-BoldCapt-MSA--base MinionMath-BoldCapt "MinionMath-MSAEncoding ReEncodeFont" <[minionmath-msa.enc <<MinionMath-BoldCapt.otf
MinionMath-Bold-MSA--base MinionMath-Bold "MinionMath-MSAEncoding ReEncodeFont" <[minionmath-msa.enc <<MinionMath-Bold.otf
MinionMath-BoldSubh-MSA--base MinionMath-BoldSubh "MinionMath-MSAEncoding ReEncodeFont" <[minionmath-msa.enc <<MinionMath-BoldSubh.otf
MinionMath-BoldDisp-MSA--base MinionMath-BoldDisp "MinionMath-MSAEncoding ReEncodeFont" <[minionmath-msa.enc <<MinionMath-BoldDisp.otf
MinionMath-Tiny-MSB--base MinionMath-Tiny "MinionMath-MSBEncoding ReEncodeFont" <[minionmath-msb.enc <<MinionMath-Tiny.otf
MinionMath-Capt-MSB--base MinionMath-Capt "MinionMath-MSBEncoding ReEncodeFont" <[minionmath-msb.enc <<MinionMath-Capt.otf
MinionMath-Regular-MSB--base MinionMath-Regular "MinionMath-MSBEncoding ReEncodeFont" <[minionmath-msb.enc <<MinionMath-Regular.otf
MinionMath-Subh-MSB--base MinionMath-Subh "MinionMath-MSBEncoding ReEncodeFont" <[minionmath-msb.enc <<MinionMath-Subh.otf
MinionMath-Disp-MSB--base MinionMath-Disp "MinionMath-MSBEncoding ReEncodeFont" <[minionmath-msb.enc <<MinionMath-Disp.otf
MinionMath-MediumTiny-MSB--base MinionMath-MediumTiny "MinionMath-MSBEncoding ReEncodeFont" <[minionmath-msb.enc <<MinionMath-MediumTiny.otf
MinionMath-MediumCapt-MSB--base MinionMath-MediumCapt "MinionMath-MSBEncoding ReEncodeFont" <[minionmath-msb.enc <<MinionMath-MediumCapt.otf
MinionMath-Medium-MSB--base MinionMath-Medium "MinionMath-MSBEncoding ReEncodeFont" <[minionmath-msb.enc <<MinionMath-Medium.otf
MinionMath-MediumSubh-MSB--base MinionMath-MediumSubh "MinionMath-MSBEncoding ReEncodeFont" <[minionmath-msb.enc <<MinionMath-MediumSubh.otf
MinionMath-MediumDisp-MSB--base MinionMath-MediumDisp "MinionMath-MSBEncoding ReEncodeFont" <[minionmath-msb.enc <<MinionMath-MediumDisp.otf
MinionMath-SemiboldTiny-MSB--base MinionMath-SemiboldTiny "MinionMath-MSBEncoding ReEncodeFont" <[minionmath-msb.enc <<MinionMath-SemiboldTiny.otf
MinionMath-SemiboldCapt-MSB--base MinionMath-SemiboldCapt "MinionMath-MSBEncoding ReEncodeFont" <[minionmath-msb.enc <<MinionMath-SemiboldCapt.otf
MinionMath-Semibold-MSB--base MinionMath-Semibold "MinionMath-MSBEncoding ReEncodeFont" <[minionmath-msb.enc <<MinionMath-Semibold.otf
MinionMath-SemiboldSubh-MSB--base MinionMath-SemiboldSubh "MinionMath-MSBEncoding ReEncodeFont" <[minionmath-msb.enc <<MinionMath-SemiboldSubh.otf
MinionMath-SemiboldDisp-MSB--base MinionMath-SemiboldDisp "MinionMath-MSBEncoding ReEncodeFont" <[minionmath-msb.enc <<MinionMath-SemiboldDisp.otf
MinionMath-BoldTiny-MSB--base MinionMath-BoldTiny "MinionMath-MSBEncoding ReEncodeFont" <[minionmath-msb.enc <<MinionMath-BoldTiny.otf
MinionMath-BoldCapt-MSB--base MinionMath-BoldCapt "MinionMath-MSBEncoding ReEncodeFont" <[minionmath-msb.enc <<MinionMath-BoldCapt.otf
MinionMath-Bold-MSB--base MinionMath-Bold "MinionMath-MSBEncoding ReEncodeFont" <[minionmath-msb.enc <<MinionMath-Bold.otf
MinionMath-BoldSubh-MSB--base MinionMath-BoldSubh "MinionMath-MSBEncoding ReEncodeFont" <[minionmath-msb.enc <<MinionMath-BoldSubh.otf
MinionMath-BoldDisp-MSB--base MinionMath-BoldDisp "MinionMath-MSBEncoding ReEncodeFont" <[minionmath-msb.enc <<MinionMath-BoldDisp.otf
MinionMath-Tiny-MXP--base MinionMath-Tiny "MinionMath-MXPEncoding ReEncodeFont" <[minionmath-mxp.enc <<MinionMath-Tiny.otf
MinionMath-Capt-MXP--base MinionMath-Capt "MinionMath-MXPEncoding ReEncodeFont" <[minionmath-mxp.enc <<MinionMath-Capt.otf
MinionMath-Regular-MXP--base MinionMath-Regular "MinionMath-MXPEncoding ReEncodeFont" <[minionmath-mxp.enc <<MinionMath-Regular.otf
MinionMath-Subh-MXP--base MinionMath-Subh "MinionMath-MXPEncoding ReEncodeFont" <[minionmath-mxp.enc <<MinionMath-Subh.otf
MinionMath-Disp-MXP--base MinionMath-Disp "MinionMath-MXPEncoding ReEncodeFont" <[minionmath-mxp.enc <<MinionMath-Disp.otf
MinionMath-MediumTiny-MXP--base MinionMath-MediumTiny "MinionMath-MXPEncoding ReEncodeFont" <[minionmath-mxp.enc <<MinionMath-MediumTiny.otf
MinionMath-MediumCapt-MXP--base MinionMath-MediumCapt "MinionMath-MXPEncoding ReEncodeFont" <[minionmath-mxp.enc <<MinionMath-MediumCapt.otf
MinionMath-Medium-MXP--base MinionMath-Medium "MinionMath-MXPEncoding ReEncodeFont" <[minionmath-mxp.enc <<MinionMath-Medium.otf
MinionMath-MediumSubh-MXP--base MinionMath-MediumSubh "MinionMath-MXPEncoding ReEncodeFont" <[minionmath-mxp.enc <<MinionMath-MediumSubh.otf
MinionMath-MediumDisp-MXP--base MinionMath-MediumDisp "MinionMath-MXPEncoding ReEncodeFont" <[minionmath-mxp.enc <<MinionMath-MediumDisp.otf
MinionMath-SemiboldTiny-MXP--base MinionMath-SemiboldTiny "MinionMath-MXPEncoding ReEncodeFont" <[minionmath-mxp.enc <<MinionMath-SemiboldTiny.otf
MinionMath-SemiboldCapt-MXP--base MinionMath-SemiboldCapt "MinionMath-MXPEncoding ReEncodeFont" <[minionmath-mxp.enc <<MinionMath-SemiboldCapt.otf
MinionMath-Semibold-MXP--base MinionMath-Semibold "MinionMath-MXPEncoding ReEncodeFont" <[minionmath-mxp.enc <<MinionMath-Semibold.otf
MinionMath-SemiboldSubh-MXP--base MinionMath-SemiboldSubh "MinionMath-MXPEncoding ReEncodeFont" <[minionmath-mxp.enc <<MinionMath-SemiboldSubh.otf
MinionMath-SemiboldDisp-MXP--base MinionMath-SemiboldDisp "MinionMath-MXPEncoding ReEncodeFont" <[minionmath-mxp.enc <<MinionMath-SemiboldDisp.otf
MinionMath-BoldTiny-MXP--base MinionMath-BoldTiny "MinionMath-MXPEncoding ReEncodeFont" <[minionmath-mxp.enc <<MinionMath-BoldTiny.otf
MinionMath-BoldCapt-MXP--base MinionMath-BoldCapt "MinionMath-MXPEncoding ReEncodeFont" <[minionmath-mxp.enc <<MinionMath-BoldCapt.otf
MinionMath-Bold-MXP--base MinionMath-Bold "MinionMath-MXPEncoding ReEncodeFont" <[minionmath-mxp.enc <<MinionMath-Bold.otf
MinionMath-BoldSubh-MXP--base MinionMath-BoldSubh "MinionMath-MXPEncoding ReEncodeFont" <[minionmath-mxp.enc <<MinionMath-BoldSubh.otf
MinionMath-BoldDisp-MXP--base MinionMath-BoldDisp "MinionMath-MXPEncoding ReEncodeFont" <[minionmath-mxp.enc <<MinionMath-BoldDisp.otf
MinionMath-Tiny-MXA--base MinionMath-Tiny "MinionMath-MXAEncoding ReEncodeFont" <[minionmath-mxa.enc <<MinionMath-Tiny.otf
MinionMath-Capt-MXA--base MinionMath-Capt "MinionMath-MXAEncoding ReEncodeFont" <[minionmath-mxa.enc <<MinionMath-Capt.otf
MinionMath-Regular-MXA--base MinionMath-Regular "MinionMath-MXAEncoding ReEncodeFont" <[minionmath-mxa.enc <<MinionMath-Regular.otf
MinionMath-Subh-MXA--base MinionMath-Subh "MinionMath-MXAEncoding ReEncodeFont" <[minionmath-mxa.enc <<MinionMath-Subh.otf
MinionMath-Disp-MXA--base MinionMath-Disp "MinionMath-MXAEncoding ReEncodeFont" <[minionmath-mxa.enc <<MinionMath-Disp.otf
MinionMath-MediumTiny-MXA--base MinionMath-MediumTiny "MinionMath-MXAEncoding ReEncodeFont" <[minionmath-mxa.enc <<MinionMath-MediumTiny.otf
MinionMath-MediumCapt-MXA--base MinionMath-MediumCapt "MinionMath-MXAEncoding ReEncodeFont" <[minionmath-mxa.enc <<MinionMath-MediumCapt.otf
MinionMath-Medium-MXA--base MinionMath-Medium "MinionMath-MXAEncoding ReEncodeFont" <[minionmath-mxa.enc <<MinionMath-Medium.otf
MinionMath-MediumSubh-MXA--base MinionMath-MediumSubh "MinionMath-MXAEncoding ReEncodeFont" <[minionmath-mxa.enc <<MinionMath-MediumSubh.otf
MinionMath-MediumDisp-MXA--base MinionMath-MediumDisp "MinionMath-MXAEncoding ReEncodeFont" <[minionmath-mxa.enc <<MinionMath-MediumDisp.otf
MinionMath-SemiboldTiny-MXA--base MinionMath-SemiboldTiny "MinionMath-MXAEncoding ReEncodeFont" <[minionmath-mxa.enc <<MinionMath-SemiboldTiny.otf
MinionMath-SemiboldCapt-MXA--base MinionMath-SemiboldCapt "MinionMath-MXAEncoding ReEncodeFont" <[minionmath-mxa.enc <<MinionMath-SemiboldCapt.otf
MinionMath-Semibold-MXA--base MinionMath-Semibold "MinionMath-MXAEncoding ReEncodeFont" <[minionmath-mxa.enc <<MinionMath-Semibold.otf
MinionMath-SemiboldSubh-MXA--base MinionMath-SemiboldSubh "MinionMath-MXAEncoding ReEncodeFont" <[minionmath-mxa.enc <<MinionMath-SemiboldSubh.otf
MinionMath-SemiboldDisp-MXA--base MinionMath-SemiboldDisp "MinionMath-MXAEncoding ReEncodeFont" <[minionmath-mxa.enc <<MinionMath-SemiboldDisp.otf
MinionMath-BoldTiny-MXA--base MinionMath-BoldTiny "MinionMath-MXAEncoding ReEncodeFont" <[minionmath-mxa.enc <<MinionMath-BoldTiny.otf
MinionMath-BoldCapt-MXA--base MinionMath-BoldCapt "MinionMath-MXAEncoding ReEncodeFont" <[minionmath-mxa.enc <<MinionMath-BoldCapt.otf
MinionMath-Bold-MXA--base MinionMath-Bold "MinionMath-MXAEncoding ReEncodeFont" <[minionmath-mxa.enc <<MinionMath-Bold.otf
MinionMath-BoldSubh-MXA--base MinionMath-BoldSubh "MinionMath-MXAEncoding ReEncodeFont" <[minionmath-mxa.enc <<MinionMath-BoldSubh.otf
MinionMath-BoldDisp-MXA--base MinionMath-BoldDisp "MinionMath-MXAEncoding ReEncodeFont" <[minionmath-mxa.enc <<MinionMath-BoldDisp.otf
MinionMath-Tiny-MSE--base MinionMath-Tiny "MinionMath-MSEEncoding ReEncodeFont" <[minionmath-mse.enc <<MinionMath-Tiny.otf
MinionMath-Capt-MSE--base MinionMath-Capt "MinionMath-MSEEncoding ReEncodeFont" <[minionmath-mse.enc <<MinionMath-Capt.otf
MinionMath-Regular-MSE--base MinionMath-Regular "MinionMath-MSEEncoding ReEncodeFont" <[minionmath-mse.enc <<MinionMath-Regular.otf
MinionMath-Subh-MSE--base MinionMath-Subh "MinionMath-MSEEncoding ReEncodeFont" <[minionmath-mse.enc <<MinionMath-Subh.otf
MinionMath-Disp-MSE--base MinionMath-Disp "MinionMath-MSEEncoding ReEncodeFont" <[minionmath-mse.enc <<MinionMath-Disp.otf
MinionMath-MediumTiny-MSE--base MinionMath-MediumTiny "MinionMath-MSEEncoding ReEncodeFont" <[minionmath-mse.enc <<MinionMath-MediumTiny.otf
MinionMath-MediumCapt-MSE--base MinionMath-MediumCapt "MinionMath-MSEEncoding ReEncodeFont" <[minionmath-mse.enc <<MinionMath-MediumCapt.otf
MinionMath-Medium-MSE--base MinionMath-Medium "MinionMath-MSEEncoding ReEncodeFont" <[minionmath-mse.enc <<MinionMath-Medium.otf
MinionMath-MediumSubh-MSE--base MinionMath-MediumSubh "MinionMath-MSEEncoding ReEncodeFont" <[minionmath-mse.enc <<MinionMath-MediumSubh.otf
MinionMath-MediumDisp-MSE--base MinionMath-MediumDisp "MinionMath-MSEEncoding ReEncodeFont" <[minionmath-mse.enc <<MinionMath-MediumDisp.otf
MinionMath-SemiboldTiny-MSE--base MinionMath-SemiboldTiny "MinionMath-MSEEncoding ReEncodeFont" <[minionmath-mse.enc <<MinionMath-SemiboldTiny.otf
MinionMath-SemiboldCapt-MSE--base MinionMath-SemiboldCapt "MinionMath-MSEEncoding ReEncodeFont" <[minionmath-mse.enc <<MinionMath-SemiboldCapt.otf
MinionMath-Semibold-MSE--base MinionMath-Semibold "MinionMath-MSEEncoding ReEncodeFont" <[minionmath-mse.enc <<MinionMath-Semibold.otf
MinionMath-SemiboldSubh-MSE--base MinionMath-SemiboldSubh "MinionMath-MSEEncoding ReEncodeFont" <[minionmath-mse.enc <<MinionMath-SemiboldSubh.otf
MinionMath-SemiboldDisp-MSE--base MinionMath-SemiboldDisp "MinionMath-MSEEncoding ReEncodeFont" <[minionmath-mse.enc <<MinionMath-SemiboldDisp.otf
MinionMath-BoldTiny-MSE--base MinionMath-BoldTiny "MinionMath-MSEEncoding ReEncodeFont" <[minionmath-mse.enc <<MinionMath-BoldTiny.otf
MinionMath-BoldCapt-MSE--base MinionMath-BoldCapt "MinionMath-MSEEncoding ReEncodeFont" <[minionmath-mse.enc <<MinionMath-BoldCapt.otf
MinionMath-Bold-MSE--base MinionMath-Bold "MinionMath-MSEEncoding ReEncodeFont" <[minionmath-mse.enc <<MinionMath-Bold.otf
MinionMath-BoldSubh-MSE--base MinionMath-BoldSubh "MinionMath-MSEEncoding ReEncodeFont" <[minionmath-mse.enc <<MinionMath-BoldSubh.otf
MinionMath-BoldDisp-MSE--base MinionMath-BoldDisp "MinionMath-MSEEncoding ReEncodeFont" <[minionmath-mse.enc <<MinionMath-BoldDisp.otf
MinionMath-Tiny-OT1--base MinionMath-Tiny "MinionMath-OT1TinyEncoding ReEncodeFont" <[minionmath-ot1-tiny.enc <<MinionMath-Tiny.otf
MinionMath-Capt-OT1--base MinionPro-Capt "MinionMath-OT1Encoding ReEncodeFont" <[minionmath-ot1.enc <<MinionPro-Capt.otf
MinionMath-Regular-OT1--base MinionPro-Regular "MinionMath-OT1Encoding ReEncodeFont" <[minionmath-ot1.enc <<MinionPro-Regular.otf
MinionMath-Subh-OT1--base MinionPro-Subh "MinionMath-OT1Encoding ReEncodeFont" <[minionmath-ot1.enc <<MinionPro-Subh.otf
MinionMath-Disp-OT1--base MinionPro-Disp "MinionMath-OT1Encoding ReEncodeFont" <[minionmath-ot1.enc <<MinionPro-Disp.otf
MinionMath-MediumTiny-OT1--base MinionMath-MediumTiny "MinionMath-OT1TinyEncoding ReEncodeFont" <[minionmath-ot1-tiny.enc <<MinionMath-MediumTiny.otf
MinionMath-MediumCapt-OT1--base MinionPro-MediumCapt "MinionMath-OT1Encoding ReEncodeFont" <[minionmath-ot1.enc <<MinionPro-MediumCapt.otf
MinionMath-Medium-OT1--base MinionPro-Medium "MinionMath-OT1Encoding ReEncodeFont" <[minionmath-ot1.enc <<MinionPro-Medium.otf
MinionMath-MediumSubh-OT1--base MinionPro-MediumSubh "MinionMath-OT1Encoding ReEncodeFont" <[minionmath-ot1.enc <<MinionPro-MediumSubh.otf
MinionMath-MediumDisp-OT1--base MinionPro-MediumDisp "MinionMath-OT1Encoding ReEncodeFont" <[minionmath-ot1.enc <<MinionPro-MediumDisp.otf
MinionMath-SemiboldTiny-OT1--base MinionMath-SemiboldTiny "MinionMath-OT1TinyEncoding ReEncodeFont" <[minionmath-ot1-tiny.enc <<MinionMath-SemiboldTiny.otf
MinionMath-SemiboldCapt-OT1--base MinionPro-SemiboldCapt "MinionMath-OT1Encoding ReEncodeFont" <[minionmath-ot1.enc <<MinionPro-SemiboldCapt.otf
MinionMath-Semibold-OT1--base MinionPro-Semibold "MinionMath-OT1Encoding ReEncodeFont" <[minionmath-ot1.enc <<MinionPro-Semibold.otf
MinionMath-SemiboldSubh-OT1--base MinionPro-SemiboldSubh "MinionMath-OT1Encoding ReEncodeFont" <[minionmath-ot1.enc <<MinionPro-SemiboldSubh.otf
MinionMath-SemiboldDisp-OT1--base MinionPro-SemiboldDisp "MinionMath-OT1Encoding ReEncodeFont" <[minionmath-ot1.enc <<MinionPro-SemiboldDisp.otf
MinionMath-BoldTiny-OT1--base MinionMath-BoldTiny "MinionMath-OT1TinyEncoding ReEncodeFont" <[minionmath-ot1-tiny.enc <<MinionMath-BoldTiny.otf
MinionMath-BoldCapt-OT1--base MinionPro-BoldCapt "MinionMath-OT1Encoding ReEncodeFont" <[minionmath-ot1.enc <<MinionPro-BoldCapt.otf
MinionMath-Bold-OT1--base MinionPro-Bold "MinionMath-OT1Encoding ReEncodeFont" <[minionmath-ot1.enc <<MinionPro-Bold.otf
MinionMath-BoldSubh-OT1--base MinionPro-BoldSubh "MinionMath-OT1Encoding ReEncodeFont" <[minionmath-ot1.enc <<MinionPro-BoldSubh.otf
MinionMath-BoldDisp-OT1--base MinionPro-BoldDisp "MinionMath-OT1Encoding ReEncodeFont" <[minionmath-ot1.enc <<MinionPro-BoldDisp.otf
MinionMath-Tiny-T1--base MinionMath-Tiny "MinionMath-T1TinyEncoding ReEncodeFont" <[minionmath-t1-tiny.enc <<MinionMath-Tiny.otf
MinionMath-Capt-T1--base MinionPro-Capt "MinionMath-T1Encoding ReEncodeFont" <[minionmath-t1.enc <<MinionPro-Capt.otf
MinionMath-Regular-T1--base MinionPro-Regular "MinionMath-T1Encoding ReEncodeFont" <[minionmath-t1.enc <<MinionPro-Regular.otf
MinionMath-Subh-T1--base MinionPro-Subh "MinionMath-T1Encoding ReEncodeFont" <[minionmath-t1.enc <<MinionPro-Subh.otf
MinionMath-Disp-T1--base MinionPro-Disp "MinionMath-T1Encoding ReEncodeFont" <[minionmath-t1.enc <<MinionPro-Disp.otf
MinionMath-MediumTiny-T1--base MinionMath-MediumTiny "MinionMath-T1TinyEncoding ReEncodeFont" <[minionmath-t1-tiny.enc <<MinionMath-MediumTiny.otf
MinionMath-MediumCapt-T1--base MinionPro-MediumCapt "MinionMath-T1Encoding ReEncodeFont" <[minionmath-t1.enc <<MinionPro-MediumCapt.otf
MinionMath-Medium-T1--base MinionPro-Medium "MinionMath-T1Encoding ReEncodeFont" <[minionmath-t1.enc <<MinionPro-Medium.otf
MinionMath-MediumSubh-T1--base MinionPro-MediumSubh "MinionMath-T1Encoding ReEncodeFont" <[minionmath-t1.enc <<MinionPro-MediumSubh.otf
MinionMath-MediumDisp-T1--base MinionPro-MediumDisp "MinionMath-T1Encoding ReEncodeFont" <[minionmath-t1.enc <<MinionPro-MediumDisp.otf
MinionMath-SemiboldTiny-T1--base MinionMath-SemiboldTiny "MinionMath-T1TinyEncoding ReEncodeFont" <[minionmath-t1-tiny.enc <<MinionMath-SemiboldTiny.otf
MinionMath-SemiboldCapt-T1--base MinionPro-SemiboldCapt "MinionMath-T1Encoding ReEncodeFont" <[minionmath-t1.enc <<MinionPro-SemiboldCapt.otf
MinionMath-Semibold-T1--base MinionPro-Semibold "MinionMath-T1Encoding ReEncodeFont" <[minionmath-t1.enc <<MinionPro-Semibold.otf
MinionMath-SemiboldSubh-T1--base MinionPro-SemiboldSubh "MinionMath-T1Encoding ReEncodeFont" <[minionmath-t1.enc <<MinionPro-SemiboldSubh.otf
MinionMath-SemiboldDisp-T1--base MinionPro-SemiboldDisp "MinionMath-T1Encoding ReEncodeFont" <[minionmath-t1.enc <<MinionPro-SemiboldDisp.otf
MinionMath-BoldTiny-T1--base MinionMath-BoldTiny "MinionMath-T1TinyEncoding ReEncodeFont" <[minionmath-t1-tiny.enc <<MinionMath-BoldTiny.otf
MinionMath-BoldCapt-T1--base MinionPro-BoldCapt "MinionMath-T1Encoding ReEncodeFont" <[minionmath-t1.enc <<MinionPro-BoldCapt.otf
MinionMath-Bold-T1--base MinionPro-Bold "MinionMath-T1Encoding ReEncodeFont" <[minionmath-t1.enc <<MinionPro-Bold.otf
MinionMath-BoldSubh-T1--base MinionPro-BoldSubh "MinionMath-T1Encoding ReEncodeFont" <[minionmath-t1.enc <<MinionPro-BoldSubh.otf
MinionMath-BoldDisp-T1--base MinionPro-BoldDisp "MinionMath-T1Encoding ReEncodeFont" <[minionmath-t1.enc <<MinionPro-BoldDisp.otf
MinionMath-XITS-gc1--rg XITSMath "MinionMath-XITSRegularAEncoding ReEncodeFont" <[minionmath-xits-rg-gc1.enc <<xits-math.otf
MinionMath-XITS-gc1--bf XITSMath "MinionMath-XITSBoldAEncoding ReEncodeFont" <[minionmath-xits-bf-gc1.enc <<xits-math.otf