MinionMath-BoldCapt-MC--base MinionMath-BoldCapt "MinionMath-MCEncoding ReEncodeFont" <[minionmath-mc.enc <MinionMath-BoldCapt.pfb
MinionMath-BoldDisp-MC--base MinionMath-BoldDisp "MinionMath-MCEncoding ReEncodeFont" <[minionmath-mc.enc <MinionMath-BoldDisp.pfb
MinionMath-Bold-MC--base MinionMath-Bold "MinionMath-MCEncoding ReEncodeFont" <[minionmath-mc.enc <MinionMath-Bold.pfb
MinionMath-BoldSubh-MC--base MinionMath-BoldSubh "MinionMath-MCEncoding ReEncodeFont" <[minionmath-mc.enc <MinionMath-BoldSubh.pfb
MinionMath-BoldTiny-MC--base MinionMath-BoldTiny "MinionMath-MCEncoding ReEncodeFont" <[minionmath-mc.enc <MinionMath-BoldTiny.pfb
MinionMath-Capt-MC--base MinionMath-Capt "MinionMath-MCEncoding ReEncodeFont" <[minionmath-mc.enc <MinionMath-Capt.pfb
MinionMath-Disp-MC--base MinionMath-Disp "MinionMath-MCEncoding ReEncodeFont" <[minionmath-mc.enc <MinionMath-Disp.pfb
MinionMath-MediumCapt-MC--base MinionMath-MediumCapt "MinionMath-MCEncoding ReEncodeFont" <[minionmath-mc.enc <MinionMath-MediumCapt.pfb
MinionMath-MediumDisp-MC--base MinionMath-MediumDisp "MinionMath-MCEncoding ReEncodeFont" <[minionmath-mc.enc <MinionMath-MediumDisp.pfb
MinionMath-Medium-MC--base MinionMath-Medium "MinionMath-MCEncoding ReEncodeFont" <[minionmath-mc.enc <MinionMath-Medium.pfb
MinionMath-MediumSubh-MC--base MinionMath-MediumSubh "MinionMath-MCEncoding ReEncodeFont" <[minionmath-mc.enc <MinionMath-MediumSubh.pfb
MinionMath-MediumTiny-MC--base MinionMath-MediumTiny "MinionMath-MCEncoding ReEncodeFont" <[minionmath-mc.enc <MinionMath-MediumTiny.pfb
MinionMath-Regular-MC--base MinionMath-Regular "MinionMath-MCEncoding ReEncodeFont" <[minionmath-mc.enc <MinionMath-Regular.pfb
MinionMath-SemiboldCapt-MC--base MinionMath-SemiboldCapt "MinionMath-MCEncoding ReEncodeFont" <[minionmath-mc.enc <MinionMath-SemiboldCapt.pfb
MinionMath-SemiboldDisp-MC--base MinionMath-SemiboldDisp "MinionMath-MCEncoding ReEncodeFont" <[minionmath-mc.enc <MinionMath-SemiboldDisp.pfb
MinionMath-Semibold-MC--base MinionMath-Semibold "MinionMath-MCEncoding ReEncodeFont" <[minionmath-mc.enc <MinionMath-Semibold.pfb
MinionMath-SemiboldSubh-MC--base MinionMath-SemiboldSubh "MinionMath-MCEncoding ReEncodeFont" <[minionmath-mc.enc <MinionMath-SemiboldSubh.pfb
MinionMath-SemiboldTiny-MC--base MinionMath-SemiboldTiny "MinionMath-MCEncoding ReEncodeFont" <[minionmath-mc.enc <MinionMath-SemiboldTiny.pfb
MinionMath-Subh-MC--base MinionMath-Subh "MinionMath-MCEncoding ReEncodeFont" <[minionmath-mc.enc <MinionMath-Subh.pfb
MinionMath-Tiny-MC--base MinionMath-Tiny "MinionMath-MCEncoding ReEncodeFont" <[minionmath-mc.enc <MinionMath-Tiny.pfb
MinionMath-BoldCapt-MSP--base MinionMath-BoldCapt "MinionMath-MSPEncoding ReEncodeFont" <[minionmath-msp.enc <MinionMath-BoldCapt.pfb
MinionMath-BoldDisp-MSP--base MinionMath-BoldDisp "MinionMath-MSPEncoding ReEncodeFont" <[minionmath-msp.enc <MinionMath-BoldDisp.pfb
MinionMath-Bold-MSP--base MinionMath-Bold "MinionMath-MSPEncoding ReEncodeFont" <[minionmath-msp.enc <MinionMath-Bold.pfb
MinionMath-BoldSubh-MSP--base MinionMath-BoldSubh "MinionMath-MSPEncoding ReEncodeFont" <[minionmath-msp.enc <MinionMath-BoldSubh.pfb
MinionMath-BoldTiny-MSP--base MinionMath-BoldTiny "MinionMath-MSPEncoding ReEncodeFont" <[minionmath-msp.enc <MinionMath-BoldTiny.pfb
MinionMath-Capt-MSP--base MinionMath-Capt "MinionMath-MSPEncoding ReEncodeFont" <[minionmath-msp.enc <MinionMath-Capt.pfb
MinionMath-Disp-MSP--base MinionMath-Disp "MinionMath-MSPEncoding ReEncodeFont" <[minionmath-msp.enc <MinionMath-Disp.pfb
MinionMath-MediumCapt-MSP--base MinionMath-MediumCapt "MinionMath-MSPEncoding ReEncodeFont" <[minionmath-msp.enc <MinionMath-MediumCapt.pfb
MinionMath-MediumDisp-MSP--base MinionMath-MediumDisp "MinionMath-MSPEncoding ReEncodeFont" <[minionmath-msp.enc <MinionMath-MediumDisp.pfb
MinionMath-Medium-MSP--base MinionMath-Medium "MinionMath-MSPEncoding ReEncodeFont" <[minionmath-msp.enc <MinionMath-Medium.pfb
MinionMath-MediumSubh-MSP--base MinionMath-MediumSubh "MinionMath-MSPEncoding ReEncodeFont" <[minionmath-msp.enc <MinionMath-MediumSubh.pfb
MinionMath-MediumTiny-MSP--base MinionMath-MediumTiny "MinionMath-MSPEncoding ReEncodeFont" <[minionmath-msp.enc <MinionMath-MediumTiny.pfb
MinionMath-Regular-MSP--base MinionMath-Regular "MinionMath-MSPEncoding ReEncodeFont" <[minionmath-msp.enc <MinionMath-Regular.pfb
MinionMath-SemiboldCapt-MSP--base MinionMath-SemiboldCapt "MinionMath-MSPEncoding ReEncodeFont" <[minionmath-msp.enc <MinionMath-SemiboldCapt.pfb
MinionMath-SemiboldDisp-MSP--base MinionMath-SemiboldDisp "MinionMath-MSPEncoding ReEncodeFont" <[minionmath-msp.enc <MinionMath-SemiboldDisp.pfb
MinionMath-Semibold-MSP--base MinionMath-Semibold "MinionMath-MSPEncoding ReEncodeFont" <[minionmath-msp.enc <MinionMath-Semibold.pfb
MinionMath-SemiboldSubh-MSP--base MinionMath-SemiboldSubh "MinionMath-MSPEncoding ReEncodeFont" <[minionmath-msp.enc <MinionMath-SemiboldSubh.pfb
MinionMath-SemiboldTiny-MSP--base MinionMath-SemiboldTiny "MinionMath-MSPEncoding ReEncodeFont" <[minionmath-msp.enc <MinionMath-SemiboldTiny.pfb
MinionMath-Subh-MSP--base MinionMath-Subh "MinionMath-MSPEncoding ReEncodeFont" <[minionmath-msp.enc <MinionMath-Subh.pfb
MinionMath-Tiny-MSP--base MinionMath-Tiny "MinionMath-MSPEncoding ReEncodeFont" <[minionmath-msp.enc <MinionMath-Tiny.pfb
MinionMath-Tiny-MSA--base MinionMath-Tiny "MinionMath-MSAEncoding ReEncodeFont" <[minionmath-msa.enc <MinionMath-Tiny.pfb
MinionMath-Capt-MSA--base MinionMath-Capt "MinionMath-MSAEncoding ReEncodeFont" <[minionmath-msa.enc <MinionMath-Capt.pfb
MinionMath-Regular-MSA--base MinionMath-Regular "MinionMath-MSAEncoding ReEncodeFont" <[minionmath-msa.enc <MinionMath-Regular.pfb
MinionMath-Subh-MSA--base MinionMath-Subh "MinionMath-MSAEncoding ReEncodeFont" <[minionmath-msa.enc <MinionMath-Subh.pfb
MinionMath-Disp-MSA--base MinionMath-Disp "MinionMath-MSAEncoding ReEncodeFont" <[minionmath-msa.enc <MinionMath-Disp.pfb
MinionMath-MediumTiny-MSA--base MinionMath-MediumTiny "MinionMath-MSAEncoding ReEncodeFont" <[minionmath-msa.enc <MinionMath-MediumTiny.pfb
MinionMath-MediumCapt-MSA--base MinionMath-MediumCapt "MinionMath-MSAEncoding ReEncodeFont" <[minionmath-msa.enc <MinionMath-MediumCapt.pfb
MinionMath-Medium-MSA--base MinionMath-Medium "MinionMath-MSAEncoding ReEncodeFont" <[minionmath-msa.enc <MinionMath-Medium.pfb
MinionMath-MediumSubh-MSA--base MinionMath-MediumSubh "MinionMath-MSAEncoding ReEncodeFont" <[minionmath-msa.enc <MinionMath-MediumSubh.pfb
MinionMath-MediumDisp-MSA--base MinionMath-MediumDisp "MinionMath-MSAEncoding ReEncodeFont" <[minionmath-msa.enc <MinionMath-MediumDisp.pfb
MinionMath-SemiboldTiny-MSA--base MinionMath-SemiboldTiny "MinionMath-MSAEncoding ReEncodeFont" <[minionmath-msa.enc <MinionMath-SemiboldTiny.pfb
MinionMath-SemiboldCapt-MSA--base MinionMath-SemiboldCapt "MinionMath-MSAEncoding ReEncodeFont" <[minionmath-msa.enc <MinionMath-SemiboldCapt.pfb
MinionMath-Semibold-MSA--base MinionMath-Semibold "MinionMath-MSAEncoding ReEncodeFont" <[minionmath-msa.enc <MinionMath-Semibold.pfb
MinionMath-SemiboldSubh-MSA--base MinionMath-SemiboldSubh "MinionMath-MSAEncoding ReEncodeFont" <[minionmath-msa.enc <MinionMath-SemiboldSubh.pfb
MinionMath-SemiboldDisp-MSA--base MinionMath-SemiboldDisp "MinionMath-MSAEncoding ReEncodeFont" <[minionmath-msa.enc <MinionMath-SemiboldDisp.pfb
MinionMath-BoldTiny-MSA--base MinionMath-BoldTiny "MinionMath-MSAEncoding ReEncodeFont" <[minionmath-msa.enc <MinionMath-BoldTiny.pfb
MinionMath-BoldCapt-MSA--base MinionMath-BoldCapt "MinionMath-MSAEncoding ReEncodeFont" <[minionmath-msa.enc <MinionMath-BoldCapt.pfb
MinionMath-Bold-MSA--base MinionMath-Bold "MinionMath-MSAEncoding ReEncodeFont" <[minionmath-msa.enc <MinionMath-Bold.pfb
MinionMath-BoldSubh-MSA--base MinionMath-BoldSubh "MinionMath-MSAEncoding ReEncodeFont" <[minionmath-msa.enc <MinionMath-BoldSubh.pfb
MinionMath-BoldDisp-MSA--base MinionMath-BoldDisp "MinionMath-MSAEncoding ReEncodeFont" <[minionmath-msa.enc <MinionMath-BoldDisp.pfb
MinionMath-Tiny-MSB--base MinionMath-Tiny "MinionMath-MSBEncoding ReEncodeFont" <[minionmath-msb.enc <MinionMath-Tiny.pfb
MinionMath-Capt-MSB--base MinionMath-Capt "MinionMath-MSBEncoding ReEncodeFont" <[minionmath-msb.enc <MinionMath-Capt.pfb
MinionMath-Regular-MSB--base MinionMath-Regular "MinionMath-MSBEncoding ReEncodeFont" <[minionmath-msb.enc <MinionMath-Regular.pfb
MinionMath-Subh-MSB--base MinionMath-Subh "MinionMath-MSBEncoding ReEncodeFont" <[minionmath-msb.enc <MinionMath-Subh.pfb
MinionMath-Disp-MSB--base MinionMath-Disp "MinionMath-MSBEncoding ReEncodeFont" <[minionmath-msb.enc <MinionMath-Disp.pfb
MinionMath-MediumTiny-MSB--base MinionMath-MediumTiny "MinionMath-MSBEncoding ReEncodeFont" <[minionmath-msb.enc <MinionMath-MediumTiny.pfb
MinionMath-MediumCapt-MSB--base MinionMath-MediumCapt "MinionMath-MSBEncoding ReEncodeFont" <[minionmath-msb.enc <MinionMath-MediumCapt.pfb
MinionMath-Medium-MSB--base MinionMath-Medium "MinionMath-MSBEncoding ReEncodeFont" <[minionmath-msb.enc <MinionMath-Medium.pfb
MinionMath-MediumSubh-MSB--base MinionMath-MediumSubh "MinionMath-MSBEncoding ReEncodeFont" <[minionmath-msb.enc <MinionMath-MediumSubh.pfb
MinionMath-MediumDisp-MSB--base MinionMath-MediumDisp "MinionMath-MSBEncoding ReEncodeFont" <[minionmath-msb.enc <MinionMath-MediumDisp.pfb
MinionMath-SemiboldTiny-MSB--base MinionMath-SemiboldTiny "MinionMath-MSBEncoding ReEncodeFont" <[minionmath-msb.enc <MinionMath-SemiboldTiny.pfb
MinionMath-SemiboldCapt-MSB--base MinionMath-SemiboldCapt "MinionMath-MSBEncoding ReEncodeFont" <[minionmath-msb.enc <MinionMath-SemiboldCapt.pfb
MinionMath-Semibold-MSB--base MinionMath-Semibold "MinionMath-MSBEncoding ReEncodeFont" <[minionmath-msb.enc <MinionMath-Semibold.pfb
MinionMath-SemiboldSubh-MSB--base MinionMath-SemiboldSubh "MinionMath-MSBEncoding ReEncodeFont" <[minionmath-msb.enc <MinionMath-SemiboldSubh.pfb
MinionMath-SemiboldDisp-MSB--base MinionMath-SemiboldDisp "MinionMath-MSBEncoding ReEncodeFont" <[minionmath-msb.enc <MinionMath-SemiboldDisp.pfb
MinionMath-BoldTiny-MSB--base MinionMath-BoldTiny "MinionMath-MSBEncoding ReEncodeFont" <[minionmath-msb.enc <MinionMath-BoldTiny.pfb
MinionMath-BoldCapt-MSB--base MinionMath-BoldCapt "MinionMath-MSBEncoding ReEncodeFont" <[minionmath-msb.enc <MinionMath-BoldCapt.pfb
MinionMath-Bold-MSB--base MinionMath-Bold "MinionMath-MSBEncoding ReEncodeFont" <[minionmath-msb.enc <MinionMath-Bold.pfb
MinionMath-BoldSubh-MSB--base MinionMath-BoldSubh "MinionMath-MSBEncoding ReEncodeFont" <[minionmath-msb.enc <MinionMath-BoldSubh.pfb
MinionMath-BoldDisp-MSB--base MinionMath-BoldDisp "MinionMath-MSBEncoding ReEncodeFont" <[minionmath-msb.enc <MinionMath-BoldDisp.pfb
MinionMath-Tiny-MXP--base MinionMath-Tiny "MinionMath-MXPEncoding ReEncodeFont" <[minionmath-mxp.enc <MinionMath-Tiny.pfb
MinionMath-Capt-MXP--base MinionMath-Capt "MinionMath-MXPEncoding ReEncodeFont" <[minionmath-mxp.enc <MinionMath-Capt.pfb
MinionMath-Regular-MXP--base MinionMath-Regular "MinionMath-MXPEncoding ReEncodeFont" <[minionmath-mxp.enc <MinionMath-Regular.pfb
MinionMath-Subh-MXP--base MinionMath-Subh "MinionMath-MXPEncoding ReEncodeFont" <[minionmath-mxp.enc <MinionMath-Subh.pfb
MinionMath-Disp-MXP--base MinionMath-Disp "MinionMath-MXPEncoding ReEncodeFont" <[minionmath-mxp.enc <MinionMath-Disp.pfb
MinionMath-MediumTiny-MXP--base MinionMath-MediumTiny "MinionMath-MXPEncoding ReEncodeFont" <[minionmath-mxp.enc <MinionMath-MediumTiny.pfb
MinionMath-MediumCapt-MXP--base MinionMath-MediumCapt "MinionMath-MXPEncoding ReEncodeFont" <[minionmath-mxp.enc <MinionMath-MediumCapt.pfb
MinionMath-Medium-MXP--base MinionMath-Medium "MinionMath-MXPEncoding ReEncodeFont" <[minionmath-mxp.enc <MinionMath-Medium.pfb
MinionMath-MediumSubh-MXP--base MinionMath-MediumSubh "MinionMath-MXPEncoding ReEncodeFont" <[minionmath-mxp.enc <MinionMath-MediumSubh.pfb
MinionMath-MediumDisp-MXP--base MinionMath-MediumDisp "MinionMath-MXPEncoding ReEncodeFont" <[minionmath-mxp.enc <MinionMath-MediumDisp.pfb
MinionMath-SemiboldTiny-MXP--base MinionMath-SemiboldTiny "MinionMath-MXPEncoding ReEncodeFont" <[minionmath-mxp.enc <MinionMath-SemiboldTiny.pfb
MinionMath-SemiboldCapt-MXP--base MinionMath-SemiboldCapt "MinionMath-MXPEncoding ReEncodeFont" <[minionmath-mxp.enc <MinionMath-SemiboldCapt.pfb
MinionMath-Semibold-MXP--base MinionMath-Semibold "MinionMath-MXPEncoding ReEncodeFont" <[minionmath-mxp.enc <MinionMath-Semibold.pfb
MinionMath-SemiboldSubh-MXP--base MinionMath-SemiboldSubh "MinionMath-MXPEncoding ReEncodeFont" <[minionmath-mxp.enc <MinionMath-SemiboldSubh.pfb
MinionMath-SemiboldDisp-MXP--base MinionMath-SemiboldDisp "MinionMath-MXPEncoding ReEncodeFont" <[minionmath-mxp.enc <MinionMath-SemiboldDisp.pfb
MinionMath-BoldTiny-MXP--base MinionMath-BoldTiny "MinionMath-MXPEncoding ReEncodeFont" <[minionmath-mxp.enc <MinionMath-BoldTiny.pfb
MinionMath-BoldCapt-MXP--base MinionMath-BoldCapt "MinionMath-MXPEncoding ReEncodeFont" <[minionmath-mxp.enc <MinionMath-BoldCapt.pfb
MinionMath-Bold-MXP--base MinionMath-Bold "MinionMath-MXPEncoding ReEncodeFont" <[minionmath-mxp.enc <MinionMath-Bold.pfb
MinionMath-BoldSubh-MXP--base MinionMath-BoldSubh "MinionMath-MXPEncoding ReEncodeFont" <[minionmath-mxp.enc <MinionMath-BoldSubh.pfb
MinionMath-BoldDisp-MXP--base MinionMath-BoldDisp "MinionMath-MXPEncoding ReEncodeFont" <[minionmath-mxp.enc <MinionMath-BoldDisp.pfb
MinionMath-Tiny-MXA--base MinionMath-Tiny "MinionMath-MXAEncoding ReEncodeFont" <[minionmath-mxa.enc <MinionMath-Tiny.pfb
MinionMath-Capt-MXA--base MinionMath-Capt "MinionMath-MXAEncoding ReEncodeFont" <[minionmath-mxa.enc <MinionMath-Capt.pfb
MinionMath-Regular-MXA--base MinionMath-Regular "MinionMath-MXAEncoding ReEncodeFont" <[minionmath-mxa.enc <MinionMath-Regular.pfb
MinionMath-Subh-MXA--base MinionMath-Subh "MinionMath-MXAEncoding ReEncodeFont" <[minionmath-mxa.enc <MinionMath-Subh.pfb
MinionMath-Disp-MXA--base MinionMath-Disp "MinionMath-MXAEncoding ReEncodeFont" <[minionmath-mxa.enc <MinionMath-Disp.pfb
MinionMath-MediumTiny-MXA--base MinionMath-MediumTiny "MinionMath-MXAEncoding ReEncodeFont" <[minionmath-mxa.enc <MinionMath-MediumTiny.pfb
MinionMath-MediumCapt-MXA--base MinionMath-MediumCapt "MinionMath-MXAEncoding ReEncodeFont" <[minionmath-mxa.enc <MinionMath-MediumCapt.pfb
MinionMath-Medium-MXA--base MinionMath-Medium "MinionMath-MXAEncoding ReEncodeFont" <[minionmath-mxa.enc <MinionMath-Medium.pfb
MinionMath-MediumSubh-MXA--base MinionMath-MediumSubh "MinionMath-MXAEncoding ReEncodeFont" <[minionmath-mxa.enc <MinionMath-MediumSubh.pfb
MinionMath-MediumDisp-MXA--base MinionMath-MediumDisp "MinionMath-MXAEncoding ReEncodeFont" <[minionmath-mxa.enc <MinionMath-MediumDisp.pfb
MinionMath-SemiboldTiny-MXA--base MinionMath-SemiboldTiny "MinionMath-MXAEncoding ReEncodeFont" <[minionmath-mxa.enc <MinionMath-SemiboldTiny.pfb
MinionMath-SemiboldCapt-MXA--base MinionMath-SemiboldCapt "MinionMath-MXAEncoding ReEncodeFont" <[minionmath-mxa.enc <MinionMath-SemiboldCapt.pfb
MinionMath-Semibold-MXA--base MinionMath-Semibold "MinionMath-MXAEncoding ReEncodeFont" <[minionmath-mxa.enc <MinionMath-Semibold.pfb
MinionMath-SemiboldSubh-MXA--base MinionMath-SemiboldSubh "MinionMath-MXAEncoding ReEncodeFont" <[minionmath-mxa.enc <MinionMath-SemiboldSubh.pfb
MinionMath-SemiboldDisp-MXA--base MinionMath-SemiboldDisp "MinionMath-MXAEncoding ReEncodeFont" <[minionmath-mxa.enc <MinionMath-SemiboldDisp.pfb
MinionMath-BoldTiny-MXA--base MinionMath-BoldTiny "MinionMath-MXAEncoding ReEncodeFont" <[minionmath-mxa.enc <MinionMath-BoldTiny.pfb
MinionMath-BoldCapt-MXA--base MinionMath-BoldCapt "MinionMath-MXAEncoding ReEncodeFont" <[minionmath-mxa.enc <MinionMath-BoldCapt.pfb
MinionMath-Bold-MXA--base MinionMath-Bold "MinionMath-MXAEncoding ReEncodeFont" <[minionmath-mxa.enc <MinionMath-Bold.pfb
MinionMath-BoldSubh-MXA--base MinionMath-BoldSubh "MinionMath-MXAEncoding ReEncodeFont" <[minionmath-mxa.enc <MinionMath-BoldSubh.pfb
MinionMath-BoldDisp-MXA--base MinionMath-BoldDisp "MinionMath-MXAEncoding ReEncodeFont" <[minionmath-mxa.enc <MinionMath-BoldDisp.pfb
MinionMath-Tiny-MSE--base MinionMath-Tiny "MinionMath-MSEEncoding ReEncodeFont" <[minionmath-mse.enc <MinionMath-Tiny.pfb
MinionMath-Capt-MSE--base MinionMath-Capt "MinionMath-MSEEncoding ReEncodeFont" <[minionmath-mse.enc <MinionMath-Capt.pfb
MinionMath-Regular-MSE--base MinionMath-Regular "MinionMath-MSEEncoding ReEncodeFont" <[minionmath-mse.enc <MinionMath-Regular.pfb
MinionMath-Subh-MSE--base MinionMath-Subh "MinionMath-MSEEncoding ReEncodeFont" <[minionmath-mse.enc <MinionMath-Subh.pfb
MinionMath-Disp-MSE--base MinionMath-Disp "MinionMath-MSEEncoding ReEncodeFont" <[minionmath-mse.enc <MinionMath-Disp.pfb
MinionMath-MediumTiny-MSE--base MinionMath-MediumTiny "MinionMath-MSEEncoding ReEncodeFont" <[minionmath-mse.enc <MinionMath-MediumTiny.pfb
MinionMath-MediumCapt-MSE--base MinionMath-MediumCapt "MinionMath-MSEEncoding ReEncodeFont" <[minionmath-mse.enc <MinionMath-MediumCapt.pfb
MinionMath-Medium-MSE--base MinionMath-Medium "MinionMath-MSEEncoding ReEncodeFont" <[minionmath-mse.enc <MinionMath-Medium.pfb
MinionMath-MediumSubh-MSE--base MinionMath-MediumSubh "MinionMath-MSEEncoding ReEncodeFont" <[minionmath-mse.enc <MinionMath-MediumSubh.pfb
MinionMath-MediumDisp-MSE--base MinionMath-MediumDisp "MinionMath-MSEEncoding ReEncodeFont" <[minionmath-mse.enc <MinionMath-MediumDisp.pfb
MinionMath-SemiboldTiny-MSE--base MinionMath-SemiboldTiny "MinionMath-MSEEncoding ReEncodeFont" <[minionmath-mse.enc <MinionMath-SemiboldTiny.pfb
MinionMath-SemiboldCapt-MSE--base MinionMath-SemiboldCapt "MinionMath-MSEEncoding ReEncodeFont" <[minionmath-mse.enc <MinionMath-SemiboldCapt.pfb
MinionMath-Semibold-MSE--base MinionMath-Semibold "MinionMath-MSEEncoding ReEncodeFont" <[minionmath-mse.enc <MinionMath-Semibold.pfb
MinionMath-SemiboldSubh-MSE--base MinionMath-SemiboldSubh "MinionMath-MSEEncoding ReEncodeFont" <[minionmath-mse.enc <MinionMath-SemiboldSubh.pfb
MinionMath-SemiboldDisp-MSE--base MinionMath-SemiboldDisp "MinionMath-MSEEncoding ReEncodeFont" <[minionmath-mse.enc <MinionMath-SemiboldDisp.pfb
MinionMath-BoldTiny-MSE--base MinionMath-BoldTiny "MinionMath-MSEEncoding ReEncodeFont" <[minionmath-mse.enc <MinionMath-BoldTiny.pfb
MinionMath-BoldCapt-MSE--base MinionMath-BoldCapt "MinionMath-MSEEncoding ReEncodeFont" <[minionmath-mse.enc <MinionMath-BoldCapt.pfb
MinionMath-Bold-MSE--base MinionMath-Bold "MinionMath-MSEEncoding ReEncodeFont" <[minionmath-mse.enc <MinionMath-Bold.pfb
MinionMath-BoldSubh-MSE--base MinionMath-BoldSubh "MinionMath-MSEEncoding ReEncodeFont" <[minionmath-mse.enc <MinionMath-BoldSubh.pfb
MinionMath-BoldDisp-MSE--base MinionMath-BoldDisp "MinionMath-MSEEncoding ReEncodeFont" <[minionmath-mse.enc <MinionMath-BoldDisp.pfb
MinionMath-Tiny-OT1--base MinionMath-Tiny "MinionMath-OT1TinyEncoding ReEncodeFont" <[minionmath-ot1-tiny.enc <MinionMath-Tiny.pfb
MinionMath-Capt-OT1--base MinionPro-Capt "MinionMath-OT1Encoding ReEncodeFont" <[minionmath-ot1.enc <MinionPro-Capt.pfb
MinionMath-Regular-OT1--base MinionPro-Regular "MinionMath-OT1Encoding ReEncodeFont" <[minionmath-ot1.enc <MinionPro-Regular.pfb
MinionMath-Subh-OT1--base MinionPro-Subh "MinionMath-OT1Encoding ReEncodeFont" <[minionmath-ot1.enc <MinionPro-Subh.pfb
MinionMath-Disp-OT1--base MinionPro-Disp "MinionMath-OT1Encoding ReEncodeFont" <[minionmath-ot1.enc <MinionPro-Disp.pfb
MinionMath-MediumTiny-OT1--base MinionMath-MediumTiny "MinionMath-OT1TinyEncoding ReEncodeFont" <[minionmath-ot1-tiny.enc <MinionMath-MediumTiny.pfb
MinionMath-MediumCapt-OT1--base MinionPro-MediumCapt "MinionMath-OT1Encoding ReEncodeFont" <[minionmath-ot1.enc <MinionPro-MediumCapt.pfb
MinionMath-Medium-OT1--base MinionPro-Medium "MinionMath-OT1Encoding ReEncodeFont" <[minionmath-ot1.enc <MinionPro-Medium.pfb
MinionMath-MediumSubh-OT1--base MinionPro-MediumSubh "MinionMath-OT1Encoding ReEncodeFont" <[minionmath-ot1.enc <MinionPro-MediumSubh.pfb
MinionMath-MediumDisp-OT1--base MinionPro-MediumDisp "MinionMath-OT1Encoding ReEncodeFont" <[minionmath-ot1.enc <MinionPro-MediumDisp.pfb
MinionMath-SemiboldTiny-OT1--base MinionMath-SemiboldTiny "MinionMath-OT1TinyEncoding ReEncodeFont" <[minionmath-ot1-tiny.enc <MinionMath-SemiboldTiny.pfb
MinionMath-SemiboldCapt-OT1--base MinionPro-SemiboldCapt "MinionMath-OT1Encoding ReEncodeFont" <[minionmath-ot1.enc <MinionPro-SemiboldCapt.pfb
MinionMath-Semibold-OT1--base MinionPro-Semibold "MinionMath-OT1Encoding ReEncodeFont" <[minionmath-ot1.enc <MinionPro-Semibold.pfb
MinionMath-SemiboldSubh-OT1--base MinionPro-SemiboldSubh "MinionMath-OT1Encoding ReEncodeFont" <[minionmath-ot1.enc <MinionPro-SemiboldSubh.pfb
MinionMath-SemiboldDisp-OT1--base MinionPro-SemiboldDisp "MinionMath-OT1Encoding ReEncodeFont" <[minionmath-ot1.enc <MinionPro-SemiboldDisp.pfb
MinionMath-BoldTiny-OT1--base MinionMath-BoldTiny "MinionMath-OT1TinyEncoding ReEncodeFont" <[minionmath-ot1-tiny.enc <MinionMath-BoldTiny.pfb
MinionMath-BoldCapt-OT1--base MinionPro-BoldCapt "MinionMath-OT1Encoding ReEncodeFont" <[minionmath-ot1.enc <MinionPro-BoldCapt.pfb
MinionMath-Bold-OT1--base MinionPro-Bold "MinionMath-OT1Encoding ReEncodeFont" <[minionmath-ot1.enc <MinionPro-Bold.pfb
MinionMath-BoldSubh-OT1--base MinionPro-BoldSubh "MinionMath-OT1Encoding ReEncodeFont" <[minionmath-ot1.enc <MinionPro-BoldSubh.pfb
MinionMath-BoldDisp-OT1--base MinionPro-BoldDisp "MinionMath-OT1Encoding ReEncodeFont" <[minionmath-ot1.enc <MinionPro-BoldDisp.pfb
MinionMath-Tiny-T1--base MinionMath-Tiny "MinionMath-T1TinyEncoding ReEncodeFont" <[minionmath-t1-tiny.enc <MinionMath-Tiny.pfb
MinionMath-Capt-T1--base MinionPro-Capt "MinionMath-T1Encoding ReEncodeFont" <[minionmath-t1.enc <MinionPro-Capt.pfb
MinionMath-Regular-T1--base MinionPro-Regular "MinionMath-T1Encoding ReEncodeFont" <[minionmath-t1.enc <MinionPro-Regular.pfb
MinionMath-Subh-T1--base MinionPro-Subh "MinionMath-T1Encoding ReEncodeFont" <[minionmath-t1.enc <MinionPro-Subh.pfb
MinionMath-Disp-T1--base MinionPro-Disp "MinionMath-T1Encoding ReEncodeFont" <[minionmath-t1.enc <MinionPro-Disp.pfb
MinionMath-MediumTiny-T1--base MinionMath-MediumTiny "MinionMath-T1TinyEncoding ReEncodeFont" <[minionmath-t1-tiny.enc <MinionMath-MediumTiny.pfb
MinionMath-MediumCapt-T1--base MinionPro-MediumCapt "MinionMath-T1Encoding ReEncodeFont" <[minionmath-t1.enc <MinionPro-MediumCapt.pfb
MinionMath-Medium-T1--base MinionPro-Medium "MinionMath-T1Encoding ReEncodeFont" <[minionmath-t1.enc <MinionPro-Medium.pfb
MinionMath-MediumSubh-T1--base MinionPro-MediumSubh "MinionMath-T1Encoding ReEncodeFont" <[minionmath-t1.enc <MinionPro-MediumSubh.pfb
MinionMath-MediumDisp-T1--base MinionPro-MediumDisp "MinionMath-T1Encoding ReEncodeFont" <[minionmath-t1.enc <MinionPro-MediumDisp.pfb
MinionMath-SemiboldTiny-T1--base MinionMath-SemiboldTiny "MinionMath-T1TinyEncoding ReEncodeFont" <[minionmath-t1-tiny.enc <MinionMath-SemiboldTiny.pfb
MinionMath-SemiboldCapt-T1--base MinionPro-SemiboldCapt "MinionMath-T1Encoding ReEncodeFont" <[minionmath-t1.enc <MinionPro-SemiboldCapt.pfb
MinionMath-Semibold-T1--base MinionPro-Semibold "MinionMath-T1Encoding ReEncodeFont" <[minionmath-t1.enc <MinionPro-Semibold.pfb
MinionMath-SemiboldSubh-T1--base MinionPro-SemiboldSubh "MinionMath-T1Encoding ReEncodeFont" <[minionmath-t1.enc <MinionPro-SemiboldSubh.pfb
MinionMath-SemiboldDisp-T1--base MinionPro-SemiboldDisp "MinionMath-T1Encoding ReEncodeFont" <[minionmath-t1.enc <MinionPro-SemiboldDisp.pfb
MinionMath-BoldTiny-T1--base MinionMath-BoldTiny "MinionMath-T1TinyEncoding ReEncodeFont" <[minionmath-t1-tiny.enc <MinionMath-BoldTiny.pfb
MinionMath-BoldCapt-T1--base MinionPro-BoldCapt "MinionMath-T1Encoding ReEncodeFont" <[minionmath-t1.enc <MinionPro-BoldCapt.pfb
MinionMath-Bold-T1--base MinionPro-Bold "MinionMath-T1Encoding ReEncodeFont" <[minionmath-t1.enc <MinionPro-Bold.pfb
MinionMath-BoldSubh-T1--base MinionPro-BoldSubh "MinionMath-T1Encoding ReEncodeFont" <[minionmath-t1.enc <MinionPro-BoldSubh.pfb
MinionMath-BoldDisp-T1--base MinionPro-BoldDisp "MinionMath-T1Encoding ReEncodeFont" <[minionmath-t1.enc <MinionPro-BoldDisp.pfb
MinionMath-XITS-gc1--rg XITSMath "MinionMath-XITSRegularAEncoding ReEncodeFont" <[minionmath-xits-rg-gc1.enc <<xits-math.otf
MinionMath-XITS-gc1--bf XITSMath "MinionMath-XITSBoldAEncoding ReEncodeFont" <[minionmath-xits-bf-gc1.enc <<xits-math.otf